// Jest Snapshot v1, https://goo.gl/fbAQLP

exports[`Test Create Group Popup Group popup renders properly 1`] = `
<View>
  <View>
    <Modal
      hardwareAccelerated={false}
      transparent={true}
      visible={true}
    >
      <View
        accessible={true}
        focusable={true}
        onClick={[Function]}
        onResponderGrant={[Function]}
        onResponderMove={[Function]}
        onResponderRelease={[Function]}
        onResponderTerminate={[Function]}
        onResponderTerminationRequest={[Function]}
        onStartShouldSetResponder={[Function]}
        style={
          Object {
            "alignItems": "center",
            "backgroundColor": "rgba(0,0,0,0.5)",
            "flex": 1,
            "justifyContent": "center",
            "marginTop": 22,
          }
        }
      >
        <View
          style={
            Object {
              "alignItems": "flex-start",
              "backgroundColor": "white",
              "borderColor": "#ccc",
              "borderRadius": 20,
              "elevation": 5,
              "height": "50%",
              "margin": 20,
              "padding": 25,
              "shadowColor": "#000",
              "shadowOffset": Object {
                "height": 2,
                "width": 0,
              },
              "shadowOpacity": 0.25,
              "shadowRadius": 4,
              "width": "90%",
            }
          }
        >
          <View
            style={
              Object {
                "marginLeft": 40,
                "paddingBottom": 30,
              }
            }
          >
            <Text
              style={
                Object {
                  "fontSize": 30,
                }
              }
            >
              Create a Group
            </Text>
          </View>
          <Text
            style={
              Object {
                "fontSize": 20,
              }
            }
          >
            Enter Group Name:
          </Text>
          <View
            style={
              Object {
                "height": 45,
                "marginBottom": 20,
                "width": 275,
              }
            }
          >
            <TextInput
              allowFontScaling={true}
              onChangeText={[Function]}
              placeholder="Group Name"
              placeholderTextColor="#D3D3D3"
              rejectResponderTermination={true}
              style={
                Object {
                  "alignItems": "center",
                  "backgroundColor": "white",
                  "borderRadius": 10,
                  "borderWidth": 1,
                  "height": "auto",
                  "justifyContent": "center",
                  "margin": 4,
                  "padding": 10,
                  "width": "auto",
                }
              }
              underlineColorAndroid="transparent"
            />
          </View>
          <Text
            style={
              Object {
                "fontSize": 20,
              }
            }
          >
            Enter Your Alias for the Group (Optional):
          </Text>
          <View
            style={
              Object {
                "height": 45,
                "marginBottom": 20,
                "width": 275,
              }
            }
          >
            <TextInput
              allowFontScaling={true}
              onChangeText={[Function]}
              placeholder="Alias"
              placeholderTextColor="#D3D3D3"
              rejectResponderTermination={true}
              style={
                Object {
                  "alignItems": "center",
                  "backgroundColor": "white",
                  "borderRadius": 10,
                  "borderWidth": 1,
                  "height": "auto",
                  "justifyContent": "center",
                  "margin": 4,
                  "padding": 10,
                  "width": "auto",
                }
              }
              underlineColorAndroid="transparent"
            />
          </View>
          <View
            style={
              Object {
                "flexDirection": "row",
              }
            }
          >
            <View
              accessible={true}
              focusable={true}
              onClick={[Function]}
              onResponderGrant={[Function]}
              onResponderMove={[Function]}
              onResponderRelease={[Function]}
              onResponderTerminate={[Function]}
              onResponderTerminationRequest={[Function]}
              onStartShouldSetResponder={[Function]}
              style={
                Array [
                  Object {
                    "backgroundColor": "#166fdb",
                    "height": 60,
                    "top": 10,
                    "width": "40%",
                  },
                  Object {
                    "alignItems": "center",
                    "borderRadius": 20,
                    "justifyContent": "center",
                    "margin": 5,
                  },
                ]
              }
            >
              <Text
                style={
                  Object {
                    "alignContent": "center",
                    "color": "white",
                    "fontSize": 20,
                  }
                }
              >
                Submit
              </Text>
            </View>
            <View
              accessible={true}
              focusable={true}
              onClick={[Function]}
              onResponderGrant={[Function]}
              onResponderMove={[Function]}
              onResponderRelease={[Function]}
              onResponderTerminate={[Function]}
              onResponderTerminationRequest={[Function]}
              onStartShouldSetResponder={[Function]}
              style={
                Array [
                  Object {
                    "backgroundColor": "#1d1f1e",
                    "height": 60,
                    "top": 10,
                    "width": "40%",
                  },
                  Object {
                    "alignItems": "center",
                    "borderRadius": 20,
                    "justifyContent": "center",
                    "margin": 5,
                  },
                ]
              }
            >
              <Text
                style={
                  Object {
                    "alignContent": "center",
                    "color": "white",
                    "fontSize": 20,
                  }
                }
              >
                Close
              </Text>
            </View>
          </View>
        </View>
      </View>
    </Modal>
    <Modal
      hardwareAccelerated={false}
      transparent={true}
      visible={false}
    >
      <View
        style={
          Object {
            "alignItems": "center",
            "backgroundColor": "rgba(0,0,0,0.5)",
            "flex": 1,
            "justifyContent": "center",
            "marginTop": 22,
          }
        }
      >
        <View
          style={
            Object {
              "alignItems": "flex-start",
              "backgroundColor": "white",
              "borderColor": "#ccc",
              "borderRadius": 20,
              "elevation": 5,
              "height": "50%",
              "margin": 20,
              "padding": 25,
              "shadowColor": "#000",
              "shadowOffset": Object {
                "height": 2,
                "width": 0,
              },
              "shadowOpacity": 0.25,
              "shadowRadius": 4,
              "width": "90%",
            }
          }
        >
          <View
            style={
              Object {
                "marginLeft": 20,
                "paddingBottom": 30,
              }
            }
          >
            <Text
              style={
                Object {
                  "fontSize": 30,
                }
              }
            >
              Successful Group Creation!
            </Text>
          </View>
          <Text
            style={
              Object {
                "fontSize": 20,
              }
            }
          >
            Your group code is: . Use it to invite other members! You can also view it later in your Group Settings.
          </Text>
          <View
            accessible={true}
            focusable={true}
            onClick={[Function]}
            onResponderGrant={[Function]}
            onResponderMove={[Function]}
            onResponderRelease={[Function]}
            onResponderTerminate={[Function]}
            onResponderTerminationRequest={[Function]}
            onStartShouldSetResponder={[Function]}
            style={
              Array [
                Object {
                  "backgroundColor": "#1d1f1e",
                  "height": 60,
                  "top": 10,
                  "width": "40%",
                },
                Object {
                  "alignItems": "center",
                  "borderRadius": 20,
                  "justifyContent": "center",
                  "margin": 5,
                },
              ]
            }
          >
            <Text
              style={
                Object {
                  "alignContent": "center",
                  "color": "white",
                  "fontSize": 20,
                }
              }
            >
              Close
            </Text>
          </View>
        </View>
      </View>
    </Modal>
  </View>
</View>
`;
