// Jest Snapshot v1, https://goo.gl/fbAQLP

exports[`Test Member Info Member info renders properly 1`] = `undefined`;
