// Jest Snapshot v1, https://goo.gl/fbAQLP

exports[`Test Movie Movie renders properly 1`] = `
<View>
  <View
    style={
      Object {
        "backgroundColor": "#ffffff",
        "borderColor": "#e1e8ee",
        "borderRadius": 10,
        "borderWidth": 1,
        "margin": 15,
        "marginBottom": 0,
        "padding": 0,
        "shadowColor": "rgba(0,0,0, .2)",
        "shadowOffset": Object {
          "height": 0,
          "width": 0,
        },
        "shadowOpacity": 1,
        "shadowRadius": 1,
      }
    }
  >
    <View
      style={
        Object {
          "backgroundColor": "transparent",
        }
      }
    >
      <View
        accessible={true}
        focusable={true}
        onClick={[Function]}
        onResponderGrant={[Function]}
        onResponderMove={[Function]}
        onResponderRelease={[Function]}
        onResponderTerminate={[Function]}
        onResponderTerminationRequest={[Function]}
        onStartShouldSetResponder={[Function]}
        style={
          Object {
            "alignItems": "center",
            "flexDirection": "row",
          }
        }
      >
        <View
          style={
            Object {
              "alignSelf": "center",
              "flex": 3,
            }
          }
        >
          <Image
            source={
              Object {
                "uri": "https://image.tmdb.org/t/p/w500defined",
              }
            }
            style={
              Object {
                "height": 90,
                "margin": 10,
                "width": 60,
              }
            }
          />
        </View>
        <View
          style={
            Object {
              "alignItems": "center",
              "flex": 8,
              "flexDirection": "row",
              "justifyContent": "center",
              "padding": 15,
            }
          }
        >
          <Text
            style={
              Object {
                "fontWeight": "bold",
                "textAlign": "center",
              }
            }
          >
             
            
          </Text>
        </View>
        <View
          accessible={true}
          focusable={true}
          onClick={[Function]}
          onResponderGrant={[Function]}
          onResponderMove={[Function]}
          onResponderRelease={[Function]}
          onResponderTerminate={[Function]}
          onResponderTerminationRequest={[Function]}
          onStartShouldSetResponder={[Function]}
          style={
            Object {
              "alignItems": "center",
              "backgroundColor": "white",
              "flex": 2,
              "margin": 10,
            }
          }
        >
          <Text />
        </View>
      </View>
    </View>
  </View>
</View>
`;
