// Jest Snapshot v1, https://goo.gl/fbAQLP

exports[`Test Top Bar Top bar renders properly 1`] = `
<View
  style={
    Object {
      "alignItems": "center",
      "backgroundColor": "#1d1f1e",
      "flex": 1,
      "flexDirection": "row",
    }
  }
>
  <View
    accessible={true}
    focusable={true}
    onClick={[Function]}
    onResponderGrant={[Function]}
    onResponderMove={[Function]}
    onResponderRelease={[Function]}
    onResponderTerminate={[Function]}
    onResponderTerminationRequest={[Function]}
    onStartShouldSetResponder={[Function]}
    style={
      Object {
        "alignItems": "center",
        "flex": 1,
        "justifyContent": "center",
      }
    }
  >
    <Text />
    <Text
      style={
        Object {
          "color": "white",
          "margin": 5,
        }
      }
    />
  </View>
  <View
    style={
      Object {
        "alignItems": "center",
        "flex": 2,
        "paddingBottom": 10,
      }
    }
  >
    <Image
      source={1}
      style={
        Object {
          "flex": 1,
          "height": 50,
          "marginBottom": 0,
          "width": 100,
        }
      }
    />
  </View>
  <View
    style={
      Object {
        "flex": 1,
      }
    }
  />
</View>
`;
