// Jest Snapshot v1, https://goo.gl/fbAQLP

exports[`Test Event Screen Event screen renders properly 1`] = `undefined`;
