// Jest Snapshot v1, https://goo.gl/fbAQLP

exports[`Test Group Queue Screen Group queue screen renders properly 1`] = `
<RCTSafeAreaView
  emulateUnlessSupported={true}
  style={
    Object {
      "backgroundColor": "#1d1f1e",
      "flex": 1,
      "flexDirection": "column",
      "justifyContent": "center",
    }
  }
>
  <View
    style={
      Object {
        "alignItems": "center",
        "backgroundColor": "#1d1f1e",
        "flex": 1,
        "flexDirection": "row",
      }
    }
  >
    <View
      accessible={true}
      focusable={true}
      onClick={[Function]}
      onResponderGrant={[Function]}
      onResponderMove={[Function]}
      onResponderRelease={[Function]}
      onResponderTerminate={[Function]}
      onResponderTerminationRequest={[Function]}
      onStartShouldSetResponder={[Function]}
      style={
        Object {
          "alignItems": "center",
          "flex": 1,
          "justifyContent": "center",
        }
      }
    >
      <Text />
      <Text
        style={
          Object {
            "color": "white",
            "margin": 5,
          }
        }
      >
        Groups
      </Text>
    </View>
    <View
      style={
        Object {
          "alignItems": "center",
          "flex": 2,
          "paddingBottom": 10,
        }
      }
    >
      <Image
        source={1}
        style={
          Object {
            "flex": 1,
            "height": 50,
            "marginBottom": 0,
            "width": 100,
          }
        }
      />
    </View>
    <View
      style={
        Object {
          "flex": 1,
        }
      }
    />
  </View>
  <View
    style={
      Array [
        Object {
          "backgroundColor": "white",
          "flex": 11,
        },
        Object {
          "backgroundColor": "#1d1f1e",
        },
      ]
    }
  >
    <View
      style={
        Object {
          "flex": 11,
        }
      }
    >
      <RCTScrollView
        contentContainerStyle={
          Object {
            "alignItems": "stretch",
            "justifyContent": "flex-start",
          }
        }
        style={
          Object {
            "flexDirection": "column",
          }
        }
      >
        <View>
          <View
            style={
              Object {
                "height": 50,
              }
            }
          />
        </View>
      </RCTScrollView>
    </View>
  </View>
  <View
    style={
      Object {
        "backgroundColor": "#1d1f1e",
        "flex": 1,
        "flexDirection": "row",
        "justifyContent": "center",
        "marginTop": 10,
      }
    }
  >
    <View
      accessible={true}
      focusable={true}
      onClick={[Function]}
      onResponderGrant={[Function]}
      onResponderMove={[Function]}
      onResponderRelease={[Function]}
      onResponderTerminate={[Function]}
      onResponderTerminationRequest={[Function]}
      onStartShouldSetResponder={[Function]}
      style={
        Object {
          "alignItems": "center",
          "flex": 1,
          "justifyContent": "center",
        }
      }
    >
      <Text />
      <Text
        style={
          Object {
            "color": "white",
            "fontWeight": "normal",
            "margin": 5,
          }
        }
      >
        Schedule
      </Text>
    </View>
    <View
      accessible={true}
      focusable={true}
      onClick={[Function]}
      onResponderGrant={[Function]}
      onResponderMove={[Function]}
      onResponderRelease={[Function]}
      onResponderTerminate={[Function]}
      onResponderTerminationRequest={[Function]}
      onStartShouldSetResponder={[Function]}
      style={
        Object {
          "alignItems": "center",
          "flex": 1,
          "justifyContent": "center",
        }
      }
    >
      <Text />
      <Text
        style={
          Object {
            "color": "#166fdb",
            "fontWeight": "bold",
            "margin": 5,
          }
        }
      >
        Queue
      </Text>
    </View>
    <View
      accessible={true}
      focusable={true}
      onClick={[Function]}
      onResponderGrant={[Function]}
      onResponderMove={[Function]}
      onResponderRelease={[Function]}
      onResponderTerminate={[Function]}
      onResponderTerminationRequest={[Function]}
      onStartShouldSetResponder={[Function]}
      style={
        Object {
          "alignItems": "center",
          "flex": 1,
          "justifyContent": "center",
        }
      }
    >
      <Text />
      <Text
        style={
          Object {
            "color": "white",
            "fontWeight": "normal",
            "margin": 5,
          }
        }
      >
        Search
      </Text>
    </View>
    <View
      accessible={true}
      focusable={true}
      onClick={[Function]}
      onResponderGrant={[Function]}
      onResponderMove={[Function]}
      onResponderRelease={[Function]}
      onResponderTerminate={[Function]}
      onResponderTerminationRequest={[Function]}
      onStartShouldSetResponder={[Function]}
      style={
        Object {
          "alignItems": "center",
          "flex": 1,
          "justifyContent": "center",
        }
      }
    >
      <Text />
      <Text
        style={
          Object {
            "color": "white",
            "fontWeight": "normal",
            "margin": 5,
          }
        }
      >
        Settings
      </Text>
    </View>
  </View>
</RCTSafeAreaView>
`;
