// Jest Snapshot v1, https://goo.gl/fbAQLP

exports[`Test Schedule Screen Schedule screen renders properly 1`] = `undefined`;
