// Jest Snapshot v1, https://goo.gl/fbAQLP

exports[`Test Group Settings Screen Group settings screen renders properly 1`] = `undefined`;
