// Jest Snapshot v1, https://goo.gl/fbAQLP

exports[`Test Search Movies Screen Search movies screen renders properly 1`] = `
<RCTSafeAreaView
  emulateUnlessSupported={true}
  style={
    Object {
      "backgroundColor": "#1d1f1e",
      "flex": 1,
      "flexDirection": "column",
      "justifyContent": "center",
    }
  }
>
  <View
    style={
      Object {
        "alignItems": "center",
        "backgroundColor": "#1d1f1e",
        "flex": 1,
        "flexDirection": "row",
      }
    }
  >
    <View
      accessible={true}
      focusable={true}
      onClick={[Function]}
      onResponderGrant={[Function]}
      onResponderMove={[Function]}
      onResponderRelease={[Function]}
      onResponderTerminate={[Function]}
      onResponderTerminationRequest={[Function]}
      onStartShouldSetResponder={[Function]}
      style={
        Object {
          "alignItems": "center",
          "flex": 1,
          "justifyContent": "center",
        }
      }
    >
      <Text />
      <Text
        style={
          Object {
            "color": "white",
            "margin": 5,
          }
        }
      >
        Groups
      </Text>
    </View>
    <View
      style={
        Object {
          "alignItems": "center",
          "flex": 2,
          "paddingBottom": 10,
        }
      }
    >
      <Image
        source={1}
        style={
          Object {
            "flex": 1,
            "height": 50,
            "marginBottom": 0,
            "width": 100,
          }
        }
      />
    </View>
    <View
      style={
        Object {
          "flex": 1,
        }
      }
    />
  </View>
  <View
    style={
      Array [
        Object {
          "backgroundColor": "white",
          "flex": 11,
        },
        Object {
          "backgroundColor": "#1d1f1e",
        },
      ]
    }
  >
    <View
      style={
        Object {
          "alignItems": "center",
          "flexDirection": "row",
          "justifyContent": "center",
          "margin": 10,
        }
      }
    >
      <View
        accessible={true}
        focusable={true}
        onClick={[Function]}
        onResponderGrant={[Function]}
        onResponderMove={[Function]}
        onResponderRelease={[Function]}
        onResponderTerminate={[Function]}
        onResponderTerminationRequest={[Function]}
        onStartShouldSetResponder={[Function]}
        style={
          Array [
            Object {
              "marginBottom": 10,
              "marginTop": 10,
              "padding": 10,
            },
            Object {
              "backgroundColor": "#166fdb",
            },
            Object {
              "borderBottomLeftRadius": 10,
              "borderTopLeftRadius": 10,
            },
          ]
        }
      >
        <Text
          style={
            Array [
              Object {
                "alignContent": "center",
                "color": "white",
                "fontSize": 20,
              },
              Object {
                "fontWeight": "bold",
              },
            ]
          }
        >
          Categories
        </Text>
      </View>
      <View
        accessible={true}
        focusable={true}
        onClick={[Function]}
        onResponderGrant={[Function]}
        onResponderMove={[Function]}
        onResponderRelease={[Function]}
        onResponderTerminate={[Function]}
        onResponderTerminationRequest={[Function]}
        onStartShouldSetResponder={[Function]}
        style={
          Array [
            Object {
              "marginBottom": 10,
              "marginTop": 10,
              "padding": 10,
            },
            Object {
              "backgroundColor": "lightgrey",
            },
            Object {
              "borderBottomRightRadius": 10,
              "borderTopRightRadius": 10,
            },
          ]
        }
      >
        <Text
          style={
            Array [
              Object {
                "alignContent": "center",
                "color": "white",
                "fontSize": 20,
              },
              Object {
                "fontWeight": "normal",
              },
            ]
          }
        >
          Search
        </Text>
      </View>
    </View>
    <View
      style={
        Object {
          "flex": 11,
        }
      }
    >
      <RCTScrollView
        contentContainerStyle={
          Object {
            "alignItems": "stretch",
            "justifyContent": "flex-start",
          }
        }
        style={
          Object {
            "flexDirection": "column",
          }
        }
      >
        <View>
          <View
            style={
              Object {
                "alignItems": "center",
                "margin": 10,
                "marginTop": 0,
              }
            }
          >
            <View
              style={
                Object {
                  "backgroundColor": "#166fdb",
                  "borderColor": "white",
                  "borderRadius": 10,
                  "borderWidth": 3,
                  "padding": 10,
                  "width": "90%",
                }
              }
            >
              <Text
                style={
                  Object {
                    "alignSelf": "center",
                    "color": "white",
                    "fontSize": 20,
                    "fontWeight": "bold",
                    "margin": 15,
                  }
                }
              >
                Genres
              </Text>
              <View
                style={
                  Object {
                    "flexDirection": "row",
                    "flexWrap": "wrap",
                    "justifyContent": "center",
                  }
                }
              >
                <Text
                  accessible={true}
                  focusable={true}
                  onClick={[Function]}
                  onResponderGrant={[Function]}
                  onResponderMove={[Function]}
                  onResponderRelease={[Function]}
                  onResponderTerminate={[Function]}
                  onResponderTerminationRequest={[Function]}
                  onStartShouldSetResponder={[Function]}
                  style={
                    Array [
                      Object {
                        "color": "white",
                        "margin": 5,
                        "padding": 5,
                      },
                      Object {},
                    ]
                  }
                >
                  Action
                </Text>
                <Text
                  accessible={true}
                  focusable={true}
                  onClick={[Function]}
                  onResponderGrant={[Function]}
                  onResponderMove={[Function]}
                  onResponderRelease={[Function]}
                  onResponderTerminate={[Function]}
                  onResponderTerminationRequest={[Function]}
                  onStartShouldSetResponder={[Function]}
                  style={
                    Array [
                      Object {
                        "color": "white",
                        "margin": 5,
                        "padding": 5,
                      },
                      Object {},
                    ]
                  }
                >
                  Adventure
                </Text>
                <Text
                  accessible={true}
                  focusable={true}
                  onClick={[Function]}
                  onResponderGrant={[Function]}
                  onResponderMove={[Function]}
                  onResponderRelease={[Function]}
                  onResponderTerminate={[Function]}
                  onResponderTerminationRequest={[Function]}
                  onStartShouldSetResponder={[Function]}
                  style={
                    Array [
                      Object {
                        "color": "white",
                        "margin": 5,
                        "padding": 5,
                      },
                      Object {},
                    ]
                  }
                >
                  Animation
                </Text>
                <Text
                  accessible={true}
                  focusable={true}
                  onClick={[Function]}
                  onResponderGrant={[Function]}
                  onResponderMove={[Function]}
                  onResponderRelease={[Function]}
                  onResponderTerminate={[Function]}
                  onResponderTerminationRequest={[Function]}
                  onStartShouldSetResponder={[Function]}
                  style={
                    Array [
                      Object {
                        "color": "white",
                        "margin": 5,
                        "padding": 5,
                      },
                      Object {},
                    ]
                  }
                >
                  Comedy
                </Text>
                <Text
                  accessible={true}
                  focusable={true}
                  onClick={[Function]}
                  onResponderGrant={[Function]}
                  onResponderMove={[Function]}
                  onResponderRelease={[Function]}
                  onResponderTerminate={[Function]}
                  onResponderTerminationRequest={[Function]}
                  onStartShouldSetResponder={[Function]}
                  style={
                    Array [
                      Object {
                        "color": "white",
                        "margin": 5,
                        "padding": 5,
                      },
                      Object {},
                    ]
                  }
                >
                  Crime
                </Text>
                <Text
                  accessible={true}
                  focusable={true}
                  onClick={[Function]}
                  onResponderGrant={[Function]}
                  onResponderMove={[Function]}
                  onResponderRelease={[Function]}
                  onResponderTerminate={[Function]}
                  onResponderTerminationRequest={[Function]}
                  onStartShouldSetResponder={[Function]}
                  style={
                    Array [
                      Object {
                        "color": "white",
                        "margin": 5,
                        "padding": 5,
                      },
                      Object {},
                    ]
                  }
                >
                  Documentary
                </Text>
                <Text
                  accessible={true}
                  focusable={true}
                  onClick={[Function]}
                  onResponderGrant={[Function]}
                  onResponderMove={[Function]}
                  onResponderRelease={[Function]}
                  onResponderTerminate={[Function]}
                  onResponderTerminationRequest={[Function]}
                  onStartShouldSetResponder={[Function]}
                  style={
                    Array [
                      Object {
                        "color": "white",
                        "margin": 5,
                        "padding": 5,
                      },
                      Object {},
                    ]
                  }
                >
                  Drama
                </Text>
                <Text
                  accessible={true}
                  focusable={true}
                  onClick={[Function]}
                  onResponderGrant={[Function]}
                  onResponderMove={[Function]}
                  onResponderRelease={[Function]}
                  onResponderTerminate={[Function]}
                  onResponderTerminationRequest={[Function]}
                  onStartShouldSetResponder={[Function]}
                  style={
                    Array [
                      Object {
                        "color": "white",
                        "margin": 5,
                        "padding": 5,
                      },
                      Object {},
                    ]
                  }
                >
                  Family
                </Text>
                <Text
                  accessible={true}
                  focusable={true}
                  onClick={[Function]}
                  onResponderGrant={[Function]}
                  onResponderMove={[Function]}
                  onResponderRelease={[Function]}
                  onResponderTerminate={[Function]}
                  onResponderTerminationRequest={[Function]}
                  onStartShouldSetResponder={[Function]}
                  style={
                    Array [
                      Object {
                        "color": "white",
                        "margin": 5,
                        "padding": 5,
                      },
                      Object {},
                    ]
                  }
                >
                  Fantasy
                </Text>
                <Text
                  accessible={true}
                  focusable={true}
                  onClick={[Function]}
                  onResponderGrant={[Function]}
                  onResponderMove={[Function]}
                  onResponderRelease={[Function]}
                  onResponderTerminate={[Function]}
                  onResponderTerminationRequest={[Function]}
                  onStartShouldSetResponder={[Function]}
                  style={
                    Array [
                      Object {
                        "color": "white",
                        "margin": 5,
                        "padding": 5,
                      },
                      Object {},
                    ]
                  }
                >
                  History
                </Text>
                <Text
                  accessible={true}
                  focusable={true}
                  onClick={[Function]}
                  onResponderGrant={[Function]}
                  onResponderMove={[Function]}
                  onResponderRelease={[Function]}
                  onResponderTerminate={[Function]}
                  onResponderTerminationRequest={[Function]}
                  onStartShouldSetResponder={[Function]}
                  style={
                    Array [
                      Object {
                        "color": "white",
                        "margin": 5,
                        "padding": 5,
                      },
                      Object {},
                    ]
                  }
                >
                  Horror
                </Text>
                <Text
                  accessible={true}
                  focusable={true}
                  onClick={[Function]}
                  onResponderGrant={[Function]}
                  onResponderMove={[Function]}
                  onResponderRelease={[Function]}
                  onResponderTerminate={[Function]}
                  onResponderTerminationRequest={[Function]}
                  onStartShouldSetResponder={[Function]}
                  style={
                    Array [
                      Object {
                        "color": "white",
                        "margin": 5,
                        "padding": 5,
                      },
                      Object {},
                    ]
                  }
                >
                  Music
                </Text>
                <Text
                  accessible={true}
                  focusable={true}
                  onClick={[Function]}
                  onResponderGrant={[Function]}
                  onResponderMove={[Function]}
                  onResponderRelease={[Function]}
                  onResponderTerminate={[Function]}
                  onResponderTerminationRequest={[Function]}
                  onStartShouldSetResponder={[Function]}
                  style={
                    Array [
                      Object {
                        "color": "white",
                        "margin": 5,
                        "padding": 5,
                      },
                      Object {},
                    ]
                  }
                >
                  Mystery
                </Text>
                <Text
                  accessible={true}
                  focusable={true}
                  onClick={[Function]}
                  onResponderGrant={[Function]}
                  onResponderMove={[Function]}
                  onResponderRelease={[Function]}
                  onResponderTerminate={[Function]}
                  onResponderTerminationRequest={[Function]}
                  onStartShouldSetResponder={[Function]}
                  style={
                    Array [
                      Object {
                        "color": "white",
                        "margin": 5,
                        "padding": 5,
                      },
                      Object {},
                    ]
                  }
                >
                  Romance
                </Text>
                <Text
                  accessible={true}
                  focusable={true}
                  onClick={[Function]}
                  onResponderGrant={[Function]}
                  onResponderMove={[Function]}
                  onResponderRelease={[Function]}
                  onResponderTerminate={[Function]}
                  onResponderTerminationRequest={[Function]}
                  onStartShouldSetResponder={[Function]}
                  style={
                    Array [
                      Object {
                        "color": "white",
                        "margin": 5,
                        "padding": 5,
                      },
                      Object {},
                    ]
                  }
                >
                  Sci Fi
                </Text>
                <Text
                  accessible={true}
                  focusable={true}
                  onClick={[Function]}
                  onResponderGrant={[Function]}
                  onResponderMove={[Function]}
                  onResponderRelease={[Function]}
                  onResponderTerminate={[Function]}
                  onResponderTerminationRequest={[Function]}
                  onStartShouldSetResponder={[Function]}
                  style={
                    Array [
                      Object {
                        "color": "white",
                        "margin": 5,
                        "padding": 5,
                      },
                      Object {},
                    ]
                  }
                >
                  Thriller
                </Text>
                <Text
                  accessible={true}
                  focusable={true}
                  onClick={[Function]}
                  onResponderGrant={[Function]}
                  onResponderMove={[Function]}
                  onResponderRelease={[Function]}
                  onResponderTerminate={[Function]}
                  onResponderTerminationRequest={[Function]}
                  onStartShouldSetResponder={[Function]}
                  style={
                    Array [
                      Object {
                        "color": "white",
                        "margin": 5,
                        "padding": 5,
                      },
                      Object {},
                    ]
                  }
                >
                  War
                </Text>
                <Text
                  accessible={true}
                  focusable={true}
                  onClick={[Function]}
                  onResponderGrant={[Function]}
                  onResponderMove={[Function]}
                  onResponderRelease={[Function]}
                  onResponderTerminate={[Function]}
                  onResponderTerminationRequest={[Function]}
                  onStartShouldSetResponder={[Function]}
                  style={
                    Array [
                      Object {
                        "color": "white",
                        "margin": 5,
                        "padding": 5,
                      },
                      Object {},
                    ]
                  }
                >
                  Western
                </Text>
              </View>
              <Text
                style={
                  Object {
                    "alignSelf": "center",
                    "color": "white",
                    "fontSize": 20,
                    "fontWeight": "bold",
                    "margin": 15,
                  }
                }
              >
                Streaming Services
              </Text>
              <View
                style={
                  Object {
                    "flexDirection": "row",
                    "flexWrap": "wrap",
                    "justifyContent": "center",
                  }
                }
              >
                <Text
                  accessible={true}
                  focusable={true}
                  onClick={[Function]}
                  onResponderGrant={[Function]}
                  onResponderMove={[Function]}
                  onResponderRelease={[Function]}
                  onResponderTerminate={[Function]}
                  onResponderTerminationRequest={[Function]}
                  onStartShouldSetResponder={[Function]}
                  style={
                    Array [
                      Object {
                        "color": "white",
                        "margin": 5,
                        "padding": 5,
                      },
                      Object {},
                    ]
                  }
                >
                  Netflix
                </Text>
                <Text
                  accessible={true}
                  focusable={true}
                  onClick={[Function]}
                  onResponderGrant={[Function]}
                  onResponderMove={[Function]}
                  onResponderRelease={[Function]}
                  onResponderTerminate={[Function]}
                  onResponderTerminationRequest={[Function]}
                  onStartShouldSetResponder={[Function]}
                  style={
                    Array [
                      Object {
                        "color": "white",
                        "margin": 5,
                        "padding": 5,
                      },
                      Object {},
                    ]
                  }
                >
                  Hulu
                </Text>
                <Text
                  accessible={true}
                  focusable={true}
                  onClick={[Function]}
                  onResponderGrant={[Function]}
                  onResponderMove={[Function]}
                  onResponderRelease={[Function]}
                  onResponderTerminate={[Function]}
                  onResponderTerminationRequest={[Function]}
                  onStartShouldSetResponder={[Function]}
                  style={
                    Array [
                      Object {
                        "color": "white",
                        "margin": 5,
                        "padding": 5,
                      },
                      Object {},
                    ]
                  }
                >
                  Disney +
                </Text>
                <Text
                  accessible={true}
                  focusable={true}
                  onClick={[Function]}
                  onResponderGrant={[Function]}
                  onResponderMove={[Function]}
                  onResponderRelease={[Function]}
                  onResponderTerminate={[Function]}
                  onResponderTerminationRequest={[Function]}
                  onStartShouldSetResponder={[Function]}
                  style={
                    Array [
                      Object {
                        "color": "white",
                        "margin": 5,
                        "padding": 5,
                      },
                      Object {},
                    ]
                  }
                >
                  Peacock
                </Text>
                <Text
                  accessible={true}
                  focusable={true}
                  onClick={[Function]}
                  onResponderGrant={[Function]}
                  onResponderMove={[Function]}
                  onResponderRelease={[Function]}
                  onResponderTerminate={[Function]}
                  onResponderTerminationRequest={[Function]}
                  onStartShouldSetResponder={[Function]}
                  style={
                    Array [
                      Object {
                        "color": "white",
                        "margin": 5,
                        "padding": 5,
                      },
                      Object {},
                    ]
                  }
                >
                  Paramount +
                </Text>
                <Text
                  accessible={true}
                  focusable={true}
                  onClick={[Function]}
                  onResponderGrant={[Function]}
                  onResponderMove={[Function]}
                  onResponderRelease={[Function]}
                  onResponderTerminate={[Function]}
                  onResponderTerminationRequest={[Function]}
                  onStartShouldSetResponder={[Function]}
                  style={
                    Array [
                      Object {
                        "color": "white",
                        "margin": 5,
                        "padding": 5,
                      },
                      Object {},
                    ]
                  }
                >
                  Prime Video
                </Text>
                <Text
                  accessible={true}
                  focusable={true}
                  onClick={[Function]}
                  onResponderGrant={[Function]}
                  onResponderMove={[Function]}
                  onResponderRelease={[Function]}
                  onResponderTerminate={[Function]}
                  onResponderTerminationRequest={[Function]}
                  onStartShouldSetResponder={[Function]}
                  style={
                    Array [
                      Object {
                        "color": "white",
                        "margin": 5,
                        "padding": 5,
                      },
                      Object {},
                    ]
                  }
                >
                  HBO Max
                </Text>
              </View>
              <View
                accessible={true}
                focusable={true}
                onClick={[Function]}
                onResponderGrant={[Function]}
                onResponderMove={[Function]}
                onResponderRelease={[Function]}
                onResponderTerminate={[Function]}
                onResponderTerminationRequest={[Function]}
                onStartShouldSetResponder={[Function]}
                style={
                  Array [
                    Object {
                      "alignItems": "center",
                      "borderRadius": 20,
                      "justifyContent": "center",
                      "margin": 5,
                    },
                    Object {
                      "alignSelf": "center",
                      "backgroundColor": "dodgerblue",
                      "borderColor": "white",
                      "borderRadius": 5,
                      "borderWidth": 2,
                      "marginTop": 15,
                      "padding": 10,
                    },
                  ]
                }
              >
                <Text
                  style={
                    Object {
                      "color": "white",
                      "fontWeight": "bold",
                    }
                  }
                >
                  Search
                </Text>
              </View>
            </View>
          </View>
          <View
            style={
              Object {
                "height": 50,
              }
            }
          />
        </View>
      </RCTScrollView>
    </View>
  </View>
  <View
    style={
      Object {
        "backgroundColor": "#1d1f1e",
        "flex": 1,
        "flexDirection": "row",
        "justifyContent": "center",
        "marginTop": 10,
      }
    }
  >
    <View
      accessible={true}
      focusable={true}
      onClick={[Function]}
      onResponderGrant={[Function]}
      onResponderMove={[Function]}
      onResponderRelease={[Function]}
      onResponderTerminate={[Function]}
      onResponderTerminationRequest={[Function]}
      onStartShouldSetResponder={[Function]}
      style={
        Object {
          "alignItems": "center",
          "flex": 1,
          "justifyContent": "center",
        }
      }
    >
      <Text />
      <Text
        style={
          Object {
            "color": "white",
            "fontWeight": "normal",
            "margin": 5,
          }
        }
      >
        Schedule
      </Text>
    </View>
    <View
      accessible={true}
      focusable={true}
      onClick={[Function]}
      onResponderGrant={[Function]}
      onResponderMove={[Function]}
      onResponderRelease={[Function]}
      onResponderTerminate={[Function]}
      onResponderTerminationRequest={[Function]}
      onStartShouldSetResponder={[Function]}
      style={
        Object {
          "alignItems": "center",
          "flex": 1,
          "justifyContent": "center",
        }
      }
    >
      <Text />
      <Text
        style={
          Object {
            "color": "white",
            "fontWeight": "normal",
            "margin": 5,
          }
        }
      >
        Queue
      </Text>
    </View>
    <View
      accessible={true}
      focusable={true}
      onClick={[Function]}
      onResponderGrant={[Function]}
      onResponderMove={[Function]}
      onResponderRelease={[Function]}
      onResponderTerminate={[Function]}
      onResponderTerminationRequest={[Function]}
      onStartShouldSetResponder={[Function]}
      style={
        Object {
          "alignItems": "center",
          "flex": 1,
          "justifyContent": "center",
        }
      }
    >
      <Text />
      <Text
        style={
          Object {
            "color": "#166fdb",
            "fontWeight": "bold",
            "margin": 5,
          }
        }
      >
        Search
      </Text>
    </View>
    <View
      accessible={true}
      focusable={true}
      onClick={[Function]}
      onResponderGrant={[Function]}
      onResponderMove={[Function]}
      onResponderRelease={[Function]}
      onResponderTerminate={[Function]}
      onResponderTerminationRequest={[Function]}
      onStartShouldSetResponder={[Function]}
      style={
        Object {
          "alignItems": "center",
          "flex": 1,
          "justifyContent": "center",
        }
      }
    >
      <Text />
      <Text
        style={
          Object {
            "color": "white",
            "fontWeight": "normal",
            "margin": 5,
          }
        }
      >
        Settings
      </Text>
    </View>
  </View>
</RCTSafeAreaView>
`;
